// Jest Snapshot v1, https://goo.gl/fbAQLP

exports[`<Accordion /> should render correctly 1`] = `
<Accordion>
  <Accordion
    className="Accordion-vybsad-0 cZaGZp"
  >
    <div
      className="Accordion-vybsad-0 cZaGZp"
    >
      <AccordionPanel
        className="panel"
      >
        <details
          className="accordion-panel panel"
        >
          <AccordionHeader
            ariaLabel="Accordion Header"
            className="accordion-header"
            isExpanded={false}
            key=".0"
            toggleExpanded={[Function]}
          >
            <summary
              aria-expanded={false}
              aria-label="Accordion Header"
              className="accordion-header"
              onClick={[Function]}
              onKeyPress={[Function]}
              role="button"
              tabIndex="0"
            />
          </AccordionHeader>
        </details>
      </AccordionPanel>
    </div>
  </Accordion>
</Accordion>
`;
