// Jest Snapshot v1, https://goo.gl/fbAQLP

exports[`FieldInput Component should render correctly 1`] = `
<div
  className="fieldFileInput"
>
  <Label
    className=""
    elementLocator=""
  />
  <Input
    name="fileupload"
    onChange={[Function]}
    type="file"
  />
  <Button
    onClick={[Function]}
    tertiary={true}
    type="button"
  >
    Choose File(s)
  </Button>
  <Button
    primary={true}
    type="button"
  >
    Upload...
  </Button>
</div>
`;
